// Jest Snapshot v1, https://goo.gl/fbAQLP

exports[`matches snapshot 1`] = `
<div>
  <div
    class="Card"
  >
    <h4
      class="Card-title"
    >
      caption
    </h4>
    <img
      alt="caption"
      class="Card-image"
      src="img.png"
    />
    <small
      class="Card-small"
    >
      Image 
      1
       of 
      3
      .
    </small>
  </div>
</div>
`;
